[15-Mar-2017 05:26:12 Europe/Berlin] Oh there
[15-Mar-2017 05:26:44 Europe/Berlin] Oh there
[15-Mar-2017 05:33:34 Europe/Berlin] Oh there
[15-Mar-2017 05:34:21 Europe/Berlin] Oh there
[15-Mar-2017 05:34:21 Europe/Berlin] Oh there
[15-Mar-2017 05:35:10 Europe/Berlin] Oh there
[15-Mar-2017 05:35:12 Europe/Berlin] Oh there
[15-Mar-2017 05:39:43 Europe/Berlin] Oh there
[15-Mar-2017 05:39:51 Europe/Berlin] Oh there
[15-Mar-2017 05:39:51 Europe/Berlin] Oh there
[15-Mar-2017 05:39:51 Europe/Berlin] Oh there
[15-Mar-2017 05:39:51 Europe/Berlin] Oh there
[15-Mar-2017 05:40:33 Europe/Berlin] Oh there
[15-Mar-2017 05:40:33 Europe/Berlin] Oh there
[15-Mar-2017 05:40:33 Europe/Berlin] Oh there
[15-Mar-2017 05:40:33 Europe/Berlin] Oh there
[15-Mar-2017 05:41:29 Europe/Berlin] Oh there
[15-Mar-2017 05:42:10 Europe/Berlin] Oh there
[15-Mar-2017 05:43:59 Europe/Berlin] Oh there
[15-Mar-2017 05:43:59 Europe/Berlin] Oh there
[15-Mar-2017 05:44:20 Europe/Berlin] Oh there
[15-Mar-2017 05:44:37 Europe/Berlin] Oh there
[15-Mar-2017 05:47:25 Europe/Berlin] Oh there
[15-Mar-2017 05:54:10 Europe/Berlin] Oh there
[16-Mar-2017 21:47:26 Europe/Berlin] Oh there
[16-Mar-2017 21:47:26 Europe/Berlin] Oh there
[16-Mar-2017 21:47:30 Europe/Berlin] Oh there
[16-Mar-2017 21:47:38 Europe/Berlin] Oh there
[16-Mar-2017 21:49:15 Europe/Berlin] Oh there
[16-Mar-2017 21:49:16 Europe/Berlin] Oh there
[16-Mar-2017 21:49:16 Europe/Berlin] Oh there
[16-Mar-2017 21:49:29 Europe/Berlin] Oh there
[16-Mar-2017 21:49:29 Europe/Berlin] Oh there
[16-Mar-2017 22:03:57 Europe/Berlin] Oh there
[16-Mar-2017 22:04:17 Europe/Berlin] Oh there
[17-Mar-2017 12:20:53 Europe/Berlin] Oh there
